C51 COMPILER V9.00   MAIN                                                                  04/28/2014 19:10:46 PAGE 1   


C51 COMPILER V9.00, COMPILATION OF MODULE MAIN
OBJECT MODULE PLACED IN main.OBJ
COMPILER INVOKED BY: C:\Keil\C51\BIN\C51.EXE main.c BROWSE DEBUG OBJECTEXTEND

line level    source

   1          /*******************************************************/
   2          /* 名   称：NRF24L01+开发板测试程序（上位机通讯矩阵键盘）*/
   3          /* 功   能：开发板发送电脑接收，电脑发送开发板接收     */
   4          /* 作者：BQDZ     （论坛：http://bqdz.taobao.com）     */
   5          /* 联系方式： QQ :851968194     旺旺：王亚坤2864       */
   6          /*           手机：15821472722（上海）                 */
   7          /*******************************************************/
   8          #include "API.h"        
   9          uchar TX_ADDRESS[TX_ADR_WIDTH]={0xFF,0xFF,0xFF,0xFF,0xFF}; //发送地址
  10          uchar RX_ADDRESS[RX_ADR_WIDTH]={0xFF,0xFF,0xFF,0xFF,0xFF}; //接收地址
  11          uchar   rate = 0x0F;                                        //2Mbs, 0dB  低噪声增益开启
  12          sbit    S1   = P3^2;                                            //按键“KEY1”
  13          sbit    S2       = P3^3;                                                //按键“KEY2”
  14          sbit    LED1 = P0^3;                                            //LED1
  15          sbit    LED2 = P0^2;                                            //LED2
  16          sbit    LED3 = P0^1;                                            //LED3
  17          sbit    LED4 = P0^0;                                            //LED4
  18          uchar rece_buf[32];                                                     //接收寄存器
  19          sbit     P14 = P1^4;    
  20          sbit     P15 = P1^5;    
  21          sbit     P16 = P1^6;    
  22          sbit     P17 = P1^7;    
  23          uchar GetKeyChar()
  24          {
  25   1              
  26   1              P1=0xfe;
  27   1              if(!P14){return '1';}  
  28   1              if(!P15){return '2';}   
  29   1              if(!P16){return '3';}  
  30   1              if(!P17){return 'A';} 
  31   1      
  32   1              P1=0xfd;
  33   1              if(!P14){return '4';}    
  34   1              if(!P15){return '5';}   
  35   1              if(!P16){return '6';}   
  36   1              if(!P17){return 'B';} 
  37   1      
  38   1      
  39   1              P1=0xfb;
  40   1              if(!P14){return '7';}   
  41   1              if(!P15){return '8';}    
  42   1              if(!P16){return '9';}    
  43   1              if(!P17){return 'C';} 
  44   1      
  45   1              P1=0xf7;
  46   1              if(!P14){return '*';}   
  47   1              if(!P15){return '0';}   
  48   1              if(!P16){return '#';}    
  49   1              if(!P17){return 'D';}   
  50   1              
  51   1              return 99;          //没有按键被按下
  52   1      }
  53          void main()
  54          {
  55   1              uchar strKeyCode;
C51 COMPILER V9.00   MAIN                                                                  04/28/2014 19:10:46 PAGE 2   

  56   1              while(NRF24L01_Check()); // 等待检测到NRF24L01，程序才会向下执行
  57   1              NRF24L01_RT_Init(TX_PLOAD_WIDTH,TX_ADDRESS,TX_ADR_WIDTH,RX_ADDRESS,RX_ADR_WIDTH,rate);                  
  58   1              while(1)
  59   1              {
  60   2                      strKeyCode=GetKeyChar();
  61   2                      if(strKeyCode!=99)
  62   2                      {
  63   3                              rece_buf[1]=0xC4;                                       //您
  64   3                              rece_buf[2]=0xFA;                                       //您
  65   3                              rece_buf[3]=0xB0;                                       //按
  66   3                              rece_buf[4]=0xB4;                                       //按
  67   3                              rece_buf[5]=0xCF;                                       //下
  68   3                              rece_buf[6]=0xC2;                                       //下
  69   3                              rece_buf[7]=0xB5;                                       //的
  70   3                              rece_buf[8]=0xC4;                                       //的
  71   3                              rece_buf[9]=0xCA;                                       //是
  72   3                              rece_buf[10]=0xC7;                                      //是
  73   3                              rece_buf[11]=0xA3;                                      //：
  74   3                              rece_buf[12]=0xBA;                                      //：
  75   3                              
  76   3                              rece_buf[13]=strKeyCode;
  77   3      
  78   3                              rece_buf[14]=0x0D;                                      //回
  79   3                              rece_buf[15]=0x0A;                                      //车
  80   3      
  81   3                              rece_buf[0]=15;                                         //一共要发送15个字节，rece_buf[0]=15   这是和本店USB转nRF24L01模块通信协议
  82   3                              SEND_BUF(rece_buf);
  83   3                              delay_us(20000);                
  84   3                      }
  85   2                      if(NRF_IRQ==0)          // 如果无线模块接收到数据
  86   2                      {               
  87   3                              if(NRF24L01_RxPacket(rece_buf)==0)
  88   3                              {                          
  89   4                                      if(     rece_buf[1]=='1')                       //第1位以后是收到的命令数据，rece_buf[0]是数据位数长度
  90   4                                              LED1=LED3=~LED1;
  91   4                                      if(     rece_buf[1]=='2')                       //第1位以后是收到的命令数据，rece_buf[0]是数据位数长度
  92   4                                              LED2=LED4=~LED2;                
  93   4                              }
  94   3                      }
  95   2                      if(S1==0)                                                               //按下S1发送ASCII码 “1”
  96   2                      {                       
  97   3                              rece_buf[1]='1';
  98   3                              rece_buf[0]=1;                                          //一共要发送1个字节，rece_buf[0]=1       这是和本店USB转nRF24L01模块通信协议
  99   3                              SEND_BUF(rece_buf);
 100   3                              delay_us(10000);
 101   3                              while(!S1);     
 102   3                      }
 103   2                      if(S2==0)                                                               //按下S2发送 “上海宝嵌电子”
 104   2                      {                       
 105   3                              rece_buf[1]=0xc9;                                       //上
 106   3                              rece_buf[2]=0xcf;                                       //上
 107   3                              rece_buf[3]=0xba;                                       //海
 108   3                              rece_buf[4]=0xa3;                                       //海
 109   3                              rece_buf[5]=0xb1;                                       //宝
 110   3                              rece_buf[6]=0xa6;                                       //宝
 111   3                              rece_buf[7]=0xc7;                                       //嵌
 112   3                              rece_buf[8]=0xb6;                                       //嵌
 113   3                              rece_buf[9]=0xb5;                                       //电
 114   3                              rece_buf[10]=0xe7;                                      //电
 115   3                              rece_buf[11]=0xd7;                                      //子
 116   3                              rece_buf[12]=0xd3;                                      //子
 117   3                              rece_buf[0]=12;                                         //一共要发送12个字节，rece_buf[0]必须是12 这是和本店USB转nRF24L01模块通信协议
C51 COMPILER V9.00   MAIN                                                                  04/28/2014 19:10:46 PAGE 3   

 118   3                              SEND_BUF(rece_buf);
 119   3                              delay_us(20000);
 120   3                              while(!S2);     
 121   3                      }
 122   2              }
 123   1      }
 124          
 125          
 126          


MODULE INFORMATION:   STATIC OVERLAYABLE
   CODE SIZE        =    846    ----
   CONSTANT SIZE    =     10    ----
   XDATA SIZE       =   ----    ----
   PDATA SIZE       =   ----    ----
   DATA SIZE        =     43      33
   IDATA SIZE       =   ----    ----
   BIT SIZE         =   ----    ----
END OF MODULE INFORMATION.


C51 COMPILATION COMPLETE.  0 WARNING(S),  0 ERROR(S)
