C51 COMPILER V8.02   UART                                                                  11/13/2012 14:53:50 PAGE 1   


C51 COMPILER V8.02, COMPILATION OF MODULE UART
OBJECT MODULE PLACED IN UART.OBJ
COMPILER INVOKED BY: C:\Keil\C51\BIN\C51.EXE UART.C ROM(COMPACT) OPTIMIZE(6,SPEED) BROWSE DEBUG OBJECTEXTEND

line level    source

   1          /******************************************************************************/
   2          /*                        -- 深圳安信可科技有限公司 --                        */
   3          /*
   4          //  文件名：  uart.c                                                              
   5          //  说明：    串口底层驱动函数，使用16位的定时器作为波特率发生器，自动重载模式                            
             -                                  
   6          //  编写人员：Wu                                                                   
   7          //  编写日期：2012年11月12日                                                              
   8          //  程序维护：
   9          //      维护记录：
  10          //
  11          //                                                          
  12          */ 
  13          // 免责声明：该程序仅用于学习与交流 
  14          // (c) Anxinke Corporation. All rights reserved.                                                          
             -     
  15          /******************************************************************************/
  16          #include "typedef.h"
  17          #include "gpio.h"
  18          #include "uart.h"
  19          
  20          static bit bUartFlag;
  21          
  22          
  23          /******************************************************************************/
  24          // 函数名称：uartInit 
  25          // 输入参数：无 
  26          // 输出参数：无 
  27          // 函数功能：设置好定时器0的工作模式 
  28          /******************************************************************************/
  29          void uartInit(void)
  30          {
  31   1          /*
  32   1           * 设置定时器0为16位自动重载定时器
  33   1          */
  34   1          AUXR |= 0x80; //定时器0为1T模式
  35   1          TMOD &= 0xF0; //设置定时器为模式0(16位自动重装载)
  36   1              TL0 = (0xFFFF - MCU_FREQ / UART_BUAD) & 0xFF; //设置定时初值
  37   1              TH0 = ((0xFFFF - MCU_FREQ / UART_BUAD) >> 8) & 0xFF; //设置定时初值
  38   1          TR0 = 0; //定时器0开始计时
  39   1          ET0 = 0; //使能定时器0中断
  40   1          EA = 1;
  41   1      }
  42          
  43          /******************************************************************************/
  44          // 函数名称：uartSendData 
  45          // 输入参数：ucData: 发送字节 
  46          // 输出参数：无 
  47          // 函数功能：使用串口发送一个字节数据 
  48          /******************************************************************************/
  49          void uartSendData(u8 ucData)
  50          {
  51   1          u8 ucCnt;
  52   1          UART_TX_LOW(); //串口起始位开始
  53   1          TR0 = 1; //定时器0开始计时
C51 COMPILER V8.02   UART                                                                  11/13/2012 14:53:50 PAGE 2   

  54   1          ET0 = 1; //使能定时器0中断
  55   1          bUartFlag = ON; 
  56   1          while(bUartFlag == ON);
  57   1              /*
  58   1               * 由低位开始，将数据通过串口输出
  59   1              */
  60   1          for (ucCnt = 0; ucCnt < 8; ucCnt++) {
  61   2              UART_TX_SET(ucData & 0x01);
  62   2              ucData >>= 1;
  63   2              bUartFlag = ON; 
  64   2              while(bUartFlag == ON);
  65   2          }
  66   1          UART_TX_HIGH(); // 发送串口停止位  
  67   1          bUartFlag = ON; 
  68   1          while(bUartFlag == ON);
  69   1          TR0 = 0; //定时器0结束计时
  70   1          ET0 = 0; //禁能定时器0中断    
  71   1      }
  72          /******************************************************************************/
  73          // 函数名称：uartSendString 
  74          // 输入参数：pS: 字符串首地址 
  75          // 输出参数：无 
  76          // 函数功能：发送字符串通过串口输出 
  77          /******************************************************************************/
  78          void uartSendString(char *pS)
  79          {
  80   1          while (*pS)                      //检测字符串结束标志
  81   1          {
  82   2              uartSendData(*pS++);         //发送当前字符
  83   2          }
  84   1      }
  85          
  86          /******************************************************************************/
  87          // 函数名称：time0ISR 
  88          // 输入参数：无 
  89          // 输出参数：无 
  90          // 函数功能：串口0服务函数 
  91          /******************************************************************************/
  92          void time0ISR(void) interrupt 1 using 1
  93          {
  94   1          EA = 0;
  95   1          bUartFlag = OFF;
  96   1          EA = 1;
  97   1      }
  98          
  99          
 100          
 101          
 102          
 103          


MODULE INFORMATION:   STATIC OVERLAYABLE
   CODE SIZE        =    105    ----
   CONSTANT SIZE    =   ----    ----
   XDATA SIZE       =   ----    ----
   PDATA SIZE       =   ----    ----
   DATA SIZE        =   ----       3
   IDATA SIZE       =   ----    ----
   BIT SIZE         =      1    ----
END OF MODULE INFORMATION.


C51 COMPILATION COMPLETE.  0 WARNING(S),  0 ERROR(S)
