C51 COMPILER V9.00   UART                                                                  11/08/2016 17:55:26 PAGE 1   


C51 COMPILER V9.00, COMPILATION OF MODULE UART
OBJECT MODULE PLACED IN ..\Output\uart.obj
COMPILER INVOKED BY: E:\mcu_keil\C51\BIN\C51.EXE uart.c BROWSE DEBUG OBJECTEXTEND PRINT(..\Listing\uart.lst) TABS(2) OBJ
                    -ECT(..\Output\uart.obj)

line level    source

   1          #include "uart.h"
   2          
   3          void Uart1Init(void)    //9600bps@11.0592MHz
   4          {
   5   1        PCON &= 0x7F;   //波特率不倍速
   6   1        SCON = 0x50;    //8位数据,可变波特率
   7   1        AUXR &= 0xBF;   //定时器1时钟为Fosc/12,即12T
   8   1        AUXR &= 0xFE;   //串口1选择定时器1为波特率发生器
   9   1        TMOD &= 0x0F;   //清除定时器1模式位
  10   1        TMOD |= 0x20;   //设定定时器1为8位自动重装方式
  11   1        TL1 = 0xFD;     //设定定时初值
  12   1        TH1 = 0xFD;     //设定定时器重装值
  13   1        ET1 = 0;        //禁止定时器1中断
  14   1        TR1 = 1;        //启动定时器1
  15   1        ES=1;           //开串口中断
  16   1      }
  17          /*----------------------------
  18          UART1 发送串口数据
  19          -----------------------------*/
  20          void UART1_SendData(u8 dat)
  21          {
  22   1        ES=0;         //关串口中断
  23   1        SBUF=dat;     
  24   1        while(TI!=1); //等待发送成功
  25   1        TI=0;         //清除发送中断标志
  26   1        ES=1;         //开串口中断
  27   1      }
  28          /*----------------------------
  29          UART1 发送字符串
  30          -----------------------------*/
  31          void UART1_SendString(char *s)
  32          {
  33   1        while(*s)//检测字符串结束符
  34   1        {
  35   2          UART1_SendData(*s++);//发送当前字符
  36   2        }
  37   1      }
  38          
  39          


MODULE INFORMATION:   STATIC OVERLAYABLE
   CODE SIZE        =     80    ----
   CONSTANT SIZE    =   ----    ----
   XDATA SIZE       =   ----    ----
   PDATA SIZE       =   ----    ----
   DATA SIZE        =   ----       3
   IDATA SIZE       =   ----    ----
   BIT SIZE         =   ----    ----
END OF MODULE INFORMATION.


C51 COMPILATION COMPLETE.  0 WARNING(S),  0 ERROR(S)
