HI-TECH Software PICC Compiler V8.05PL1

Linker command line:

-z -Mfasong.map -ol.obj \
  -ppowerup=00h,intentry=04h,intcode,intret,init,init23,end_init,clrtext,stringtable,pstrings,strings \
  -ABANK0=020h-07Fh -prbit_0=BANK0,rbss_0=BANK0,rdata_0=BANK0,idata_0=CODE \
  -ABANK1=0A0h-0EFh -prbit_1=BANK1,rbss_1=BANK1,rdata_1=BANK1,idata_1=CODE \
  -ABANK2=0110h-016Fh \
  -prbit_2=BANK2,rbss_2=BANK2,rdata_2=BANK2,idata_2=CODE \
  -ABANK3=0190h-01EFh \
  -prbit_3=BANK3,rbss_3=BANK3,rdata_3=BANK3,idata_3=CODE \
  -ACOMBANK=070h-07Fh -ptemp=COMBANK -ACODE=0-7FFhx4 -ACONST=0-0FFhx32 \
  -pconfig=2007h -pidloc=2000h -AEEDATA=2100h-21FFh -peeprom_data=EEDATA \
  -pfloat_text0=CODE,float_text1=CODE,float_text2=CODE \
  -pfloat_text3=CODE,float_text4=CODE \
  -pnvram=BANK0,nvram_1=BANK1,nvram_2=BANK2,nvram_3=BANK3 \
  -pnvbit_0=BANK0,nvbit_1=BANK1,nvbit_2=BANK2,nvbit_3=BANK3 -Q16F877A \
  -h+fasong.sym -E -EC:\DOCUME~1\ADMINI~1\LOCALS~1\Temp\_3U8.AAA \
  -ver=PICC#V8.05PL1 C:\HT-PIC\LIB\picrt42c.obj \
  F:\mplabProgram\PIC-NRF905\232Weirless\NRF905_Fasong\fasong.obj \
  C:\HT-PIC\LIB\pic62--u.lib C:\HT-PIC\LIB\pic42c-c.lib \
  C:\HT-PIC\LIB\pic62--u.lib 

Object code version is 3.7

Machine type is 16F877A

Call graph:

*_main size 0,0 offset 0
     _StartUART
     _system_Init
*    _Config905 size 0,1 offset 0
*        _Delay size 0,2 offset 1
*        _SpiReadSpiWrite size 0,2 offset 1
*            _Spi_initial
*    _TX size 0,0 offset 0
         _SetTxMode->_Delay size 0,2 offset 1
*        _TxPacket size 0,1 offset 0
*            _Delay size 0,2 offset 1
*            _SpiReadSpiWrite size 0,2 offset 1
*                _Spi_initial

		Name          Link     Load   Length Selector Space Scale
C:\HT-PIC\LIB\picrt42c.obj
		end_init         D        D        4       8     0
F:\mplabProgram\PIC-NRF905\232Weirless\NRF905_Fasong\fasong.obj
		idata_0        7D1      7D1       2F     FA2     0
		rdata_0         23       23       2F      20     1
		text1          72F      72F       A2     E5E     0
		text7          727      727        8     E4E     0
		text9          723      723        4     E46     0

C:\HT-PIC\LIB\pic62--u.lib

C:\HT-PIC\LIB\pic42c-c.lib
codeptr.obj     
copy.obj        clrtext         11       11        D       8     0
		temp            70       70        1      70     1
cpybank0.obj    init             4        4        9       8     0
powerup.obj     powerup          0        0        4       0     0
stringtab.obj   stringtab       1E       1E       16       8     0
		code_ptr        52       52        2      20     1

C:\HT-PIC\LIB\pic62--u.lib

COMMON          rbss_0          20       20        3      20     1

TOTAL		Name          Link     Load   Length
	CLASS	BANK0    
		rdata_0         23       23       2F
		rbss_0          20       20        3
		temp            70       70        1
		code_ptr        52       52        2

	CLASS	BANK1    

	CLASS	BANK2    

	CLASS	BANK3    

	CLASS	COMBANK  

	CLASS	CODE     
		idata_0        7D1      7D1       2F
		powerup          0        0        4
		clrtext         11       11        D
		end_init         D        D        4
		init             4        4        9
		text1          72F      72F       A2
		text7          727      727        8
		text9          723      723        4

	CLASS	CONST    

	CLASS	EEDATA   

	CLASS	ENTRY    
		stringtab       1E       1E       16

	CLASS	STRING   

	CLASS	IDLOC    

	CLASS	CONFIG   



SEGMENTS	Name		Load	Length	 Top	Selector    Space Class

		powerup         000000	000004	000004	       0       0  CODE    
		intentry        000004	000030	000034	       8       0  CODE    
		rbit_0          000020	000034	000054	      20       1  BANK0   
		temp            000070	000001	000071	      70       1  COMBANK 
		text9           000723	000004	000727	     E46       0  CODE    
		text7           000727	000008	00072F	     E4E       0  CODE    
		text1           00072F	0000A2	0007D1	     E5E       0  CODE    
		idata_0         0007D1	00002F	000800	     FA2       0  CODE    


UNUSED ADDRESS RANGES

	BANK0            0054-006F
	                 0071-007F
	BANK1            00A0-00EF
	BANK2            0110-016F
	BANK3            0190-01EF
	CODE             0034-0722
	                 0800-1FFF
	COMBANK          0071-007F
	CONST            0034-0722
	                 0800-1FFF
	EEDATA           2100-21FF

                                  Symbol Table

?a_Config905       rbss_0      0020  ?a_Delay           rbss_0      0021
?a_R_S_Byte        rbss_0      0020  ?a_SpiReadSpiWrite rbss_0      0021
?a_TxPacket        rbss_0      0020  _Config905         text1       0757
_Delay             text1       0748  _RFConf            rdata_0     0047
_R_S_Byte          text9       0723  _SetTxMode         text1       0793
_SpiReadSpiWrite   text1       073D  _Spi_initial       text1       072F
_StartUART         text1       07AD  _TX                text7       0727
_TxAddress         rdata_0     0043  _TxPacket          text1       0769
_TxRxBuf           rdata_0     0023  __Bnvbit_0         nvbit_0     0052
__Bnvbit_1         nvbit_1     00A0  __Bnvbit_2         nvbit_2     0110
__Bnvbit_3         nvbit_3     0190  __Brbit_0          rbit_0      0020
__Brbit_1          rbit_1      00A0  __Brbit_2          rbit_2      0110
__Brbit_3          rbit_3      0190  __H__Z88888RS_     __Z88888RS_ 0190
__Hclrtext         clrtext     001E  __Hcode            code        0190
__Hcode_ptr        code_ptr    0054  __Hcommon_ram      common_ram  0190
__Hconfig          config      2007  __Heeprom_data     eeprom_data 2100
__Hend_init        end_init    0011  __Hfloat_text0     float_text0 0034
__Hfloat_text1     float_text1 0034  __Hfloat_text2     float_text2 0034
__Hfloat_text3     float_text3 0034  __Hfloat_text4     float_text4 0034
__Hidata_0         idata_0     0800  __Hidata_1         idata_1     0034
__Hidata_2         idata_2     0034  __Hidata_3         idata_3     0034
__Hidloc           idloc       2000  __Hinit            init        000D
__Hinit23          init23      000D  __Hintcode         intcode     0004
__Hintentry        intentry    0004  __Hintret          intret      0004
__Hintsave         intsave     0190  __Hintsave_0       intsave_0   0190
__Hintsave_1       intsave_1   0190  __Hintsave_2       intsave_2   0190
__Hintsave_3       intsave_3   0190  __Hnvbit_0         nvbit_0     0290
__Hnvbit_1         nvbit_1     0500  __Hnvbit_2         nvbit_2     0880
__Hnvbit_3         nvbit_3     0C80  __Hnvram           nvram       0052
__Hnvram_1         nvram_1     00A0  __Hnvram_2         nvram_2     0110
__Hnvram_3         nvram_3     0190  __Hpowerup         powerup     0004
__Hpstrings        pstrings    0034  __Hrbit_0          rbit_0      0100
__Hrbit_1          rbit_1      0500  __Hrbit_2          rbit_2      0880
__Hrbit_3          rbit_3      0C80  __Hrbss_0          rbss_0      0023
__Hrbss_1          rbss_1      00A0  __Hrbss_2          rbss_2      0110
__Hrbss_3          rbss_3      0190  __Hrdata_0         rdata_0     0052
__Hrdata_1         rdata_1     00A0  __Hrdata_2         rdata_2     0110
__Hrdata_3         rdata_3     0190  __Hstrings         strings     0034
__Hstringtable     stringtable 0034  __Hstruct          struct      0054
__Htemp            temp        0071  __Htext            text        0190
__Hvectors         vectors     0034  __L__Z88888RS_     __Z88888RS_ 0190
__Lclrtext         clrtext     0011  __Lcode            code        0190
__Lcode_ptr        code_ptr    0052  __Lcommon_ram      common_ram  0190
__Lconfig          config      2007  __Leeprom_data     eeprom_data 2100
__Lend_init        end_init    000D  __Lfloat_text0     float_text0 0034
__Lfloat_text1     float_text1 0034  __Lfloat_text2     float_text2 0034
__Lfloat_text3     float_text3 0034  __Lfloat_text4     float_text4 0034
__Lidata_0         idata_0     07D1  __Lidata_1         idata_1     0034
__Lidata_2         idata_2     0034  __Lidata_3         idata_3     0034
__Lidloc           idloc       2000  __Linit            init        0004
__Linit23          init23      000D  __Lintcode         intcode     0004
__Lintentry        intentry    0004  __Lintret          intret      0004
__Lintsave         intsave     0190  __Lintsave_0       intsave_0   0190
__Lintsave_1       intsave_1   0190  __Lintsave_2       intsave_2   0190
__Lintsave_3       intsave_3   0190  __Lnvbit_0         nvbit_0     0290
__Lnvbit_1         nvbit_1     0500  __Lnvbit_2         nvbit_2     0880
__Lnvbit_3         nvbit_3     0C80  __Lnvram           nvram       0052
__Lnvram_1         nvram_1     00A0  __Lnvram_2         nvram_2     0110
__Lnvram_3         nvram_3     0190  __Lpowerup         powerup     0000
__Lpstrings        pstrings    0034  __Lrbit_0          rbit_0      0100
__Lrbit_1          rbit_1      0500  __Lrbit_2          rbit_2      0880
__Lrbit_3          rbit_3      0C80  __Lrbss_0          rbss_0      0020
__Lrbss_1          rbss_1      00A0  __Lrbss_2          rbss_2      0110
__Lrbss_3          rbss_3      0190  __Lrdata_0         rdata_0     0023
__Lrdata_1         rdata_1     00A0  __Lrdata_2         rdata_2     0110
__Lrdata_3         rdata_3     0190  __Lstrings         strings     0034
__Lstringtable     stringtable 001E  __Lstruct          struct      0054
__Ltemp            temp        0070  __Ltext            text        0190
__Lvectors         vectors     0034  __S0               (abs)       2100
__S1               (abs)       0190  _exit              init        0004
_main              text1       07BD  _system_Init       text1       0798
code_ptr           code_ptr    0052  copy_bank0         init        0004
copy_data          clrtext     0011  intlevel0          intentry    0004
intlevel1          intentry    0004  powerup            powerup     0000
start              init        0004  string_indir       stringtable 0021
string_table       stringtable 001E  used_code_ptr      (abs)       0001
